[www.bancoamazonas.com/SimuladorCredito.html]
[backblue.gif]
[fade.gif]
[index.html]
[connect.facebook.net/en_US/fbevents.js]
[www.bancoamazonas.com/Resources/Shared/stylesheets/dnndefault/7.0.0/default0d17.css]
[www.bancoamazonas.com/Resources/Search/SearchSkinObjectPreview0d17.css]
[www.bancoamazonas.com/Portals/_default/skins/20072-unlimitedcolorspack-054/skin0d17.css]
[www.bancoamazonas.com/Portals/_default/skins/20072-unlimitedcolorspack-054/insidepage-leftmenu0d17.css]
[www.bancoamazonas.com/Portals/_default/Containers/20072-UnlimitedColorsPack-054/container0d17.css]
[www.bancoamazonas.com/Portals/0/portal0d17.css]
[www.bancoamazonas.com/Resources/libraries/jQuery/01_09_01/jquery0d17.js]
[www.bancoamazonas.com/Resources/libraries/jQuery-UI/01_11_03/jquery-ui0d17.js]
[www.bancoamazonas.com/DesktopModules/DNNGo_xPlugin/Resource/css/jquery.mmenu0d17.css]
[www.bancoamazonas.com/Portals/0/ISOTIPO-BANCO-AMAZONAS (1)ebc0.ico]
[www.google-analytics.com/analytics.js]
[www.bancoamazonas.com/WebResource468e.js]
[www.bancoamazonas.com/ScriptResource8f72.js]
[www.bancoamazonas.com/ScriptResource86f6.js]
[www.bancoamazonas.com/js/dnn0d17.js]
[www.bancoamazonas.com/js/dnn.modalpopup0d17.js]
[www.bancoamazonas.com/js/dnncore0d17.js]
[www.bancoamazonas.com/Resources/Search/SearchSkinObjectPreview0d17.js]
[www.bancoamazonas.com/js/dnn.servicesframework0d17.js]
[www.bancoamazonas.com/Registere09e.html]
[www.bancoamazonas.com/Portals/0/BASA - LOGO PNG8601.png]
[www.bancoamazonas.com/Loginb539.html]
[www.bancoamazonas.com/AUTOPLAN/Crédito-para-Vehículos-Nuevos.html]
[www.bancoamazonas.com/index.html]
[www.bancoamazonas.com/AUTOPLAN/Crédito-para-Vehículos-Usados.html]
[www.bancoamazonas.com/AUTOPLAN/Acceso-Concesionarios.html]
[www.bancoamazonas.com/Banca-Personas/Cuenta-de-Ahorros-y-Corriente.html]
[www.bancoamazonas.com/Banca-Personas/Inversiones.html]
[www.bancoamazonas.com/Banca-Personas/Créditos.html]
[www.bancoamazonas.com/Banca-Personas/Depósito-a-plazo-Fidelity.html]
[www.bancoamazonas.com/Tarjeta-de-Crédito/Tarjeta-Visa-Clásica.html]
[www.bancoamazonas.com/Tarjeta-de-Crédito/Tarjeta-Visa-Oro.html]
[www.bancoamazonas.com/Tarjeta-de-Crédito/Tarjeta-Platinum.html]
[www.bancoamazonas.com/Tarjeta-de-Crédito/Tarjeta-Signature.html]
[www.bancoamazonas.com/Tarjeta-de-Crédito/Tarjeta-Visa-Prepago-Funcard.html]
[www.bancoamazonas.com/Tarjeta-de-Crédito/Promociones-Vigentes.html]
[www.bancoamazonas.com/Tarjeta-de-Crédito/Plan-de-Puntos.html]
[www.bancoamazonas.com/Tarjeta-de-Crédito/Seguro-Desgravamen.html]
[www.bancoamazonas.com/Tarjeta-de-Crédito/Tecnología-Contactless.html]
[www.bancoamazonas.com/Tarjeta-de-Crédito/Beneficios.html]
[www.bancoamazonas.com/Banca-Empresas/Financiamiento]
[www.bancoamazonas.com/Banca-Empresas/Financiamiento/Crédito-Solución-para-Empresas.html]
[www.bancoamazonas.com/Banca-Empresas/Financiamiento/Crédito-Solución-para-Empresas-2.html]
[www.bancoamazonas.com/Banca-Empresas/Financiamiento/Crédito-Solución-B2B.html]
[www.bancoamazonas.com/Banca-Empresas/Financiamiento/Crédito-Rol-Solución-para-Colaboradores.html]
[www.bancoamazonas.com/Banca-Empresas/Financiamiento/Factoring.html]
[www.bancoamazonas.com/Banca-Empresas/Financiamiento/Otras-soluciones-de-Financiamiento.html]
[www.bancoamazonas.com/Banca-Empresas/Inversiones/Cuenta-de-Ahorros.html]
[www.bancoamazonas.com/Banca-Empresas/Inversiones/Cuenta-Corriente.html]
[www.bancoamazonas.com/Banca-Empresas/Inversiones/Certificados-Depósito-a-Plazo.html]
[www.bancoamazonas.com/Banca-Empresas/Transacciones-y-Servicios/Cash-Management.html]
[www.bancoamazonas.com/Banca-Empresas/Transacciones-y-Servicios/Servicio-de-Custodia.html]
[www.bancoamazonas.com/Banca-Empresas/Transacciones-y-Servicios/Cobranzas-del-Exterior.html]
[www.bancoamazonas.com/Banca-Empresas/Tarjeta-de-Crédito-Empresarial.html]
[www.bancoamazonas.com/Simuladores/SimuladoresCuentaAhorro.html]
[www.bancoamazonas.com/SimuladoresPlazoFijo.html]
[www.bancoamazonas.com/Canales-Electrónicos/Canales-Electrónicos.html]
[www.bancoamazonas.com/Canales-Electrónicos/Comunicaciones.html]
[www.bancoamazonas.com/Canales-Electrónicos/Banca-Telefónica.html]
[www.bancoamazonas.com/Canales-Electrónicos/Atención-al-Cliente.html]
[www.bancoamazonas.com/Canales-Electrónicos/Servipagos.html]
[www.bancoamazonas.com/DesktopModules/DNNGo_PowerForms/Effects/Effect_01_Responsive/Themes/Theme_Responsive_20072_home3/Style6390.css]
[www.bancoamazonas.com/Canales-Electrónicos/Tutoriales.html]
[www.bancoamazonas.com/DesktopModules/SimuladorCreditos/Styles/main.css]
[www.bancoamazonas.com/DesktopModules/DNNGo_PowerForms/Resource/js/jquery.inputDefault6390.js]
[www.bancoamazonas.com/DesktopModules/DNNGo_PowerForms/Resource/js/jquery.validationEngine6390.js]
[www.bancoamazonas.com/DesktopModules/DNNGo_PowerForms/Resource/js/sisyphus.min6390.js]
[www.bancoamazonas.com/DesktopModules/SimuladorCreditos/Scripts/IRR.js]
[www.bancoamazonas.com/DesktopModules/DNNGo_PowerForms/Resource/plugins/tinymce/tinymce.min6390.js]
[www.bancoamazonas.com/DesktopModules/SimuladorCreditos/Scripts/main.js]
[www.bancoamazonas.com/Transparencia-de-Información.html]
[www.bancoamazonas.com/Gobierno-Corporativo.html]
[www.bancoamazonas.com/Trabaje-con-Nosotros.html]
[www.bancoamazonas.com/Venta-de-Bienes.html]
[www.bancoamazonas.com/Noticias-de-Interés]
[www.bancoamazonas.com/Instructivos.html]
[www.bancoamazonas.com/Privacy.html]
[www.bancoamazonas.com/Terms.html]
[www.bancoamazonas.com/Portals/_default/skins/20072-unlimitedcolorspack-054/scripts/script.js]
[www.bancoamazonas.com/Portals/_default/skins/20072-unlimitedcolorspack-054/scripts/custom.js]
[www.bancoamazonas.com/Portals/_default/skins/20072-unlimitedcolorspack-054/scripts/borders.js]
[www.bancoamazonas.com/SimuladorCredito.html]
[www.googletagmanager.com/gtm5445.html]
[www.bancoamazonas.com/DesktopModules/DNNGo_xPlugin/Resource/js/dnngo-xplugin0d17.js]
[www.bancoamazonas.com/c]
[www.bancoamazonas.com/b]
[www.bancoamazonas.com/POST]
[connect.facebook.net/en_US/fbevents.js]
[www.bancoamazonas.com/images/pin-icn.png]
[www.bancoamazonas.com/schema.org/index.html]
[www.bancoamazonas.com/images/helpI-icn-grey.png]
[www.bancoamazonas.com/images/checkbox.png]
[www.bancoamazonas.com/images/radiobutton.png]
[www.bancoamazonas.com/images/dnnSpinnerUpArrow.png]
[www.bancoamazonas.com/images/dnnSpinnerDownArrow.png]
[www.bancoamazonas.com/images/dnnTagClose.png]
[www.bancoamazonas.com/images/search/searchButton.png]
[www.bancoamazonas.com/images/closeBtn.png]
[www.bancoamazonas.com/images/resizeBtn.png]
[www.bancoamazonas.com/images/modal-resize-icn.png]
[www.bancoamazonas.com/images/loading.gif]
[www.bancoamazonas.com/images/InstallWizardBG.png]
[www.bancoamazonas.com/images/down-icn.png]
[www.bancoamazonas.com/images/up-icn.png]
[www.bancoamazonas.com/images/eip_toolbar.png]
[www.bancoamazonas.com/images/eip_title_cancel.png]
[www.bancoamazonas.com/images/eip_edit.png]
[www.bancoamazonas.com/images/eip_save.png]
[www.bancoamazonas.com/images/eip_title_save.png]
[www.bancoamazonas.com/Resources/images/arrow-right-white.png]
[www.bancoamazonas.com/Resources/Shared/stylesheets/dnndefault/7.0.0/default0d17.css]
[www.bancoamazonas.com/DesktopModules/SimuladorCreditos/module0d17.css]
[www.bancoamazonas.com/images/search/clearText.png]
[www.bancoamazonas.com/Resources/Search/SearchSkinObjectPreview0d17.css]
[www.bancoamazonas.com/Portals/_default/skins/20072-unlimitedcolorspack-054/css/bootstrap.css]
[www.bancoamazonas.com/Portals/_default/skins/20072-unlimitedcolorspack-054/css/shortcodes.css]
[www.bancoamazonas.com/Portals/_default/skins/20072-unlimitedcolorspack-054/SkinCustom.css]
[www.bancoamazonas.com/Portals/_default/skins/20072-unlimitedcolorspack-054/images/arrow_2.png]
[www.bancoamazonas.com/Portals/_default/skins/20072-unlimitedcolorspack-054/images/top_ico.png]
[www.bancoamazonas.com/Portals/_default/skins/20072-unlimitedcolorspack-054/images/but_bg.png]
[www.bancoamazonas.com/Portals/_default/skins/20072-unlimitedcolorspack-054/images/icon_02.png]
[www.bancoamazonas.com/Portals/_default/skins/20072-unlimitedcolorspack-054/images/img_bg_6.jpg]
[www.bancoamazonas.com/Portals/_default/skins/20072-unlimitedcolorspack-054/images/img_bg_7.jpg]
[www.bancoamazonas.com/Portals/_default/skins/20072-unlimitedcolorspack-054/images/img_bg_10.jpg]
[www.bancoamazonas.com/Portals/_default/skins/20072-unlimitedcolorspack-054/images/img_bg_12.jpg]
[www.bancoamazonas.com/Portals/_default/skins/20072-unlimitedcolorspack-054/images/img_bg_14.jpg]
[www.bancoamazonas.com/Portals/_default/skins/20072-unlimitedcolorspack-054/images/img_bg_16.jpg]
[www.bancoamazonas.com/Portals/_default/skins/20072-unlimitedcolorspack-054/images/img_bg_5.jpg]
[www.bancoamazonas.com/Portals/_default/skins/20072-unlimitedcolorspack-054/images/img_bg_17.jpg]
[www.bancoamazonas.com/Portals/_default/skins/20072-unlimitedcolorspack-054/images/img_bg_18.jpg]
[www.bancoamazonas.com/Portals/_default/skins/20072-unlimitedcolorspack-054/images/img_bg_19.png]
[www.bancoamazonas.com/Portals/_default/skins/20072-unlimitedcolorspack-054/images/img_bg_20.jpg]
[www.bancoamazonas.com/Portals/_default/skins/20072-unlimitedcolorspack-054/images/img_bg_23.jpg]
[www.bancoamazonas.com/Portals/_default/skins/20072-unlimitedcolorspack-054/images/img_bg_26.jpg]
[www.bancoamazonas.com/Portals/_default/skins/20072-unlimitedcolorspack-054/images/img_bg_24.jpg]
[www.bancoamazonas.com/Portals/_default/skins/20072-unlimitedcolorspack-054/images/img_bg_27.jpg]
[www.bancoamazonas.com/Portals/_default/skins/20072-unlimitedcolorspack-054/images/img_bg_30.jpg]
[www.bancoamazonas.com/Portals/_default/skins/20072-unlimitedcolorspack-054/images/maskLayer.png]
[www.bancoamazonas.com/Portals/_default/skins/20072-unlimitedcolorspack-054/images/arrow_1.png]
[www.bancoamazonas.com/Portals/_default/skins/20072-unlimitedcolorspack-054/images/img_bg_28.jpg]
[www.bancoamazonas.com/Portals/_default/skins/20072-unlimitedcolorspack-054/images/ServeList_10_bg.jpg]
[www.bancoamazonas.com/Portals/_default/skins/20072-unlimitedcolorspack-054/images/map_bg.png]
[www.bancoamazonas.com/Portals/_default/skins/20072-unlimitedcolorspack-054/images/shop_ico.png]
[www.bancoamazonas.com/Portals/_default/skins/20072-unlimitedcolorspack-054/images/shop_ico2.png]
[www.bancoamazonas.com/Portals/_default/skins/20072-unlimitedcolorspack-054/images/dividers_5.png]
[www.bancoamazonas.com/Portals/_default/skins/20072-unlimitedcolorspack-054/images/dividers_6.png]
[www.bancoamazonas.com/Portals/_default/skins/20072-unlimitedcolorspack-054/skin0d17.css]
[www.bancoamazonas.com/Portals/_default/skins/20072-unlimitedcolorspack-054/insidepage-leftmenu0d17.css]
[www.bancoamazonas.com/Portals/_default/Containers/20072-UnlimitedColorsPack-054/container0d17.css]
[www.bancoamazonas.com/Portals/0/portal0d17.css]
[www.bancoamazonas.com/DesktopModules/DNNGo_xPlugin/Resource/css/jquery.mmenu0d17.css]
[www.bancoamazonas.com/WebResource468e.js]
[www.bancoamazonas.com/ScriptResource86f6.js]
[www.bancoamazonas.com/AppleWebKit/index.html]
[www.bancoamazonas.com/Firefox/index.html]
[www.bancoamazonas.com/Opera/index.html]
[www.bancoamazonas.com/MicrosoftAjaxWebForms.8f.delayed]
[www.bancoamazonas.com/MicrosoftAjaxSerialization.js]
[www.bancoamazonas.com/Portals/_default/skins/20072-unlimitedcolorspack-054/images/img_bg_29.jpg]
[www.bancoamazonas.com/MicrosoftAjaxNetwork.js]
[www.bancoamazonas.com/ScriptResource8f72.js]
[www.bancoamazonas.com/Registere09e.html]
[www.bancoamazonas.com/Loginb539.html]
[www.bancoamazonas.com/Portals/_default/Containers/Cavalier/container0d17.css]
[www.bancoamazonas.com/Registerc239.html]
[www.bancoamazonas.com/Loginfbfe.html]
[www.bancoamazonas.com/portals/0/Images/Mesa de trabajo 5 copia 44430.png]
[www.bancoamazonas.com/portals/0/Images/Banner Autoplan febrero2020637171139210953620efdc.png]
[www.bancoamazonas.com/portals/0/Banner pequeno autoplan-01.jpg]
[www.bancoamazonas.com/Portals/0/REQUISITOS Productos Persona Natural 160318.pdf]
[www.bancoamazonas.com/portals/0/Images/TASA AUTOPLAN0633.jpg]
[www.bancoamazonas.com/AUTOPLAN/Crédito-para-Vehículos-Nuevos.html]
[www.bancoamazonas.com/formulario.html]
[www.bancoamazonas.com/Registerbf35.html]
[www.bancoamazonas.com/Loginb814.html]
[www.bancoamazonas.com/AUTOPLAN/Crédito-para-Vehículos-Usados.html]
[www.bancoamazonas.com/portals/0/Condiciones para autos usados.png]
[www.bancoamazonas.com/Register0697.html]
[www.bancoamazonas.com/Login151c.html]
[www.bancoamazonas.com/AUTOPLAN/Acceso-Concesionarios.html]
[www.bancoamazonas.com/portals/0/Boton autoplan.jpg]
[www.bancoamazonas.com/Portals/_default/containers/20072-unlimitedcolorspack-054/container0d17-2.css]
[www.bancoamazonas.com/Register79f4.html]
[www.bancoamazonas.com/Loginee7d.html]
[www.bancoamazonas.com/portals/0/Images/BANNER-AMAZONASe4a2.jpg]
[www.bancoamazonas.com/portals/0/Images/debitoe3ec.jpg]
[www.bancoamazonas.com/portals/0/Images/ahorro3e89e.jpg]
[www.bancoamazonas.com/Formulario-2.html]
[www.bancoamazonas.com/portals/0/Images/corriente3f13c.jpg]
[www.bancoamazonas.com/Portals/0/GUIA DE USUARIO SOLICITUD DE CHEQUERA POR BANCA ELECTRONICA.pdf]
[www.bancoamazonas.com/portals/0/Images/promociones936b.jpg]
[www.bancoamazonas.com/Banca-Personas/Cuenta-de-Ahorros-y-Corriente.html]
[www.bancoamazonas.com/Portals/0/Instructivo-DineroElect-Sept2017.pdf]
[www.bancoamazonas.com/Portals/0/Oficio_COSEDE.pdf]
[www.bancoamazonas.com/Register0f89.html]
[www.bancoamazonas.com/Login54ca.html]
[www.bancoamazonas.com/Banca-Personas/Inversiones.html]
[www.bancoamazonas.com/Portals/0/Tasas Pasivas Banco Amazonas_Mayo-2019.pdf]
[www.bancoamazonas.com/Register7144.html]
[www.bancoamazonas.com/Logina458.html]
[www.bancoamazonas.com/portals/0/Images/creditosaf69.jpg]
[www.bancoamazonas.com/Banca-Personas/Créditos.html]
[www.bancoamazonas.com/Portals/0/Copia de Requerimiento Productos Persona Natural_.pdf]
[www.bancoamazonas.com/portals/0/Images/inversiones636413666863470642da8c.jpg]
[www.bancoamazonas.com/portals/0/Images/Logotipo-CreditoSolucionB2B-Versionoriginal-01-01ae47.png]
[www.bancoamazonas.com/Portals/_default/skins/20072-unlimitedcolorspack-054/homepage40d17.css]
[www.bancoamazonas.com/Register72f0.html]
[www.bancoamazonas.com/Portals/0/tipos_de_tablas_de_amortizacion - Julio 2019.pdf]
[www.bancoamazonas.com/Login999d.html]
[www.bancoamazonas.com/Banca-Personas/Depósito-a-plazo-Fidelity.html]
[www.bancoamazonas.com/Tarjeta-de-Crédito/Tarjeta-Visa-Clásica.html]
[www.bancoamazonas.com/portals/0/banner_CDP FIDELITY.png]
[www.bancoamazonas.com/Register7479.html]
[www.bancoamazonas.com/Loginc44f.html]
[www.bancoamazonas.com/Tarjeta-de-Crédito/Tarjeta-Visa-Oro.html]
[www.bancoamazonas.com/portals/0/banner poliza fidelity 2.png]
[www.bancoamazonas.com/Registerba2f.html]
[www.bancoamazonas.com/Logina31a.html]
[www.bancoamazonas.com/Tarjeta-de-Crédito/Tarjeta-Platinum.html]
[www.bancoamazonas.com/portals/0/Images/platinum3214.jpg]
[www.bancoamazonas.com/Registere704.html]
[www.bancoamazonas.com/Loginf54f.html]
[www.bancoamazonas.com/Tarjeta-de-Crédito/Tarjeta-Signature.html]
[www.bancoamazonas.com/portals/0/Images/doradofda8.jpg]
[www.bancoamazonas.com/portals/0/Images/signaturee54a.jpg]
[www.bancoamazonas.com/Register8640.html]
[www.bancoamazonas.com/Tarjeta-de-Crédito/Tarjeta-Visa-Prepago-Funcard.html]
[www.bancoamazonas.com/Login322e.html]
[www.bancoamazonas.com/portals/0/Images/FUNCARD BANNER PAGINA WEB6a10.jpg]
[www.bancoamazonas.com/Registerd86a.html]
[www.bancoamazonas.com/Tarjeta-de-Crédito/Promociones-Vigentes.html]
[www.bancoamazonas.com/Logine4bb.html]
[www.bancoamazonas.com/Register788b.html]
[www.bancoamazonas.com/Logind647.html]
[www.bancoamazonas.com/portals/0/Images/redencion-de-puntos-vivee03c.jpg]
[www.bancoamazonas.com/Portals/0/catalogo vinos compressed - 260118.pdf]
[www.bancoamazonas.com/Tarjeta-de-Crédito/Plan-de-Puntos.html]
[www.bancoamazonas.com/portals/0/Images/redencion-de-puntos3fee.jpg]
[www.bancoamazonas.com/Inscripción-Plan-Vive-Amazonas.html]
[www.bancoamazonas.com/Register3368.html]
[www.bancoamazonas.com/portals/0/Imagen pagina web - 300118.png]
[www.bancoamazonas.com/Tarjeta-de-Crédito/Seguro-Desgravamen.html]
[www.bancoamazonas.com/Loginfede.html]
[www.bancoamazonas.com/portals/0/banner_desgravamen v2.png]
[www.bancoamazonas.com/portals/0/foto SD.jpg]
[www.bancoamazonas.com/Register2eca.html]
[www.bancoamazonas.com/Login2183.html]
[www.bancoamazonas.com/portals/0/VISA CONTACTLESS.png]
[www.bancoamazonas.com/portals/0/banner_interno comntactless.png]
[www.bancoamazonas.com/portals/0/rapidez.png]
[www.bancoamazonas.com/portals/0/versatilidad.png]
[www.bancoamazonas.com/portals/0/seguridad.png]
[www.bancoamazonas.com/portals/0/icono contactless.png]
[www.bancoamazonas.com/Tarjeta-de-Crédito/Tecnología-Contactless.html]
[www.bancoamazonas.com/Register3745.html]
[www.bancoamazonas.com/Login2641.html]
[www.bancoamazonas.com/portals/0/Images/banner-web-BENEFICIOS637952451585500323ec78.jpg]
[www.bancoamazonas.com/portals/0/Images/beneficios-024057.jpg]
[www.bancoamazonas.com/Tarjeta-de-Crédito/Beneficios.html]
[www.bancoamazonas.com/portals/0/Images/beneficios-19b2ef.jpg]
[www.bancoamazonas.com/portals/0/Images/beneficios-01aa8a.jpg]
[www.bancoamazonas.com/Registerfc97.html]
[www.bancoamazonas.com/Login5e0f.html]
[www.bancoamazonas.com/Banca-Empresas/Financiamiento/Crédito-Solución-para-Empresas.html]
[www.bancoamazonas.com/Banca-Empresas/Financiamiento/Crédito-Solución-para-Empresas-2.html]
[www.bancoamazonas.com/portals/0/Images/Modified/Crédito solución para empresas copy-resize529x2197fe6.jpg]
[www.bancoamazonas.com/Register7f28.html]
[www.bancoamazonas.com/Login5c38.html]
[www.bancoamazonas.com/Banca-Empresas/Financiamiento/Crédito-Solución-B2B.html]
[www.bancoamazonas.com/portals/0/Images/Modified/Logo B2B Web636413680646097302-resize377x204-crop588x3352740.jpg]
[www.bancoamazonas.com/Registerfb33.html]
[www.bancoamazonas.com/Loginde75.html]
[www.bancoamazonas.com/Banca-Empresas/Financiamiento/Crédito-Rol-Solución-para-Colaboradores.html]
[www.bancoamazonas.com/portals/0/Images/Crédito rol solución web636413754029241994ac33.jpg]
[www.bancoamazonas.com/Register9a90.html]
[www.bancoamazonas.com/Login1af8.html]
[www.bancoamazonas.com/Banca-Empresas/Financiamiento/Factoring.html]
[www.bancoamazonas.com/portals/0/Images/Factoring5a9e.jpg]
[www.bancoamazonas.com/Register2f26.html]
[www.bancoamazonas.com/Logine353.html]
[www.bancoamazonas.com/portals/0/Images/logo-cfn-bp-enviar-1-01-16364145729250978895ef4.png]
[www.bancoamazonas.com/Banca-Empresas/Financiamiento/Otras-soluciones-de-Financiamiento.html]
[www.bancoamazonas.com/Register56e9.html]
[www.bancoamazonas.com/Login5b67.html]
[www.bancoamazonas.com/Banca-Empresas/Inversiones/Cuenta-de-Ahorros.html]
[www.bancoamazonas.com/portals/0/Images/Cuenta ahorros empresase672.jpg]
[www.bancoamazonas.com/Register4933.html]
[www.bancoamazonas.com/Login88f1.html]
[www.bancoamazonas.com/Banca-Empresas/Inversiones/Cuenta-Corriente.html]
[www.bancoamazonas.com/portals/0/Images/Cuenta corriente empresarial39e7.jpg]
[www.bancoamazonas.com/Register947a.html]
[www.bancoamazonas.com/portals/0/Images/Modified/beneficios-resize538x67272dd.jpg]
[www.bancoamazonas.com/Login8c4b.html]
[www.bancoamazonas.com/Banca-Empresas/Inversiones/Certificados-Depósito-a-Plazo.html]
[www.bancoamazonas.com/Register0c70.html]
[www.bancoamazonas.com/Login8836.html]
[www.bancoamazonas.com/portals/0/Images/banner-webs75d7.jpg]
[www.bancoamazonas.com/Banca-Empresas/Transacciones-y-Servicios/Cash-Management.html]
[www.bancoamazonas.com/portals/0/Images/office-pen-calculator-computation-1630329bca.jpg]
[www.bancoamazonas.com/Registerb58e.html]
[www.bancoamazonas.com/Login066e.html]
[www.bancoamazonas.com/Banca-Empresas/Transacciones-y-Servicios/Servicio-de-Custodia.html]
[www.bancoamazonas.com/portals/0/Images/Modified/Boveda636414411698289142-resize216x215e941.jpg]
[www.bancoamazonas.com/portals/0/Images/certificado de depositosa404.jpg]
[www.bancoamazonas.com/Portals/0/Anexo I Solicitud de Servicios de Cobros y Pagos Cash Management.pdf]
[www.bancoamazonas.com/Register8005.html]
[www.bancoamazonas.com/Banca-Empresas/Transacciones-y-Servicios/Cobranzas-del-Exterior.html]
[www.bancoamazonas.com/Loginf113.html]
[www.bancoamazonas.com/Register2859.html]
[www.bancoamazonas.com/Banca-Empresas/Tarjeta-de-Crédito-Empresarial.html]
[www.bancoamazonas.com/Login7e67.html]
[www.bancoamazonas.com/portals/0/Images/banner-web---tarjeta-empresarial7c0d.jpg]
[www.bancoamazonas.com/Register6af9.html]
[www.bancoamazonas.com/DesktopModules/SimuladorCuentasAhorro/Styles/main.css]
[www.bancoamazonas.com/Login7cbb.html]
[www.bancoamazonas.com/DesktopModules/SimuladorCuentasAhorro/Scripts/main.js]
[www.bancoamazonas.com/Simuladores/SimuladoresCuentaAhorro.html]
[www.bancoamazonas.com/Registera37b.html]
[www.bancoamazonas.com/DesktopModules/SimuladorPazoFijo/Styles/main.css]
[www.bancoamazonas.com/DesktopModules/DNNGo_PowerForms/Resource/plugins/datepicker/css/datepicker9540.css]
[www.bancoamazonas.com/DesktopModules/SimuladorPazoFijo/Scripts/main.js]
[www.bancoamazonas.com/DesktopModules/DNNGo_PowerForms/Resource/plugins/datepicker/js/bootstrap-datepicker9540.js]
[www.bancoamazonas.com/SimuladoresPlazoFijo.html]
[www.bancoamazonas.com/Register0c72.html]
[www.bancoamazonas.com/Login607e.html]
[www.bancoamazonas.com/Login1dd0.html]
[www.bancoamazonas.com/portals/0/Images/BASA-COMUNICADO638061146977224743bcdf.jpg]
[www.bancoamazonas.com/Portals/0/SB-2022-16066d66.pdf]
[www.bancoamazonas.com/Portals/0/SB-IG-2020-0032-C Anexo jprmf-2020-0210-o-1.pdf]
[www.bancoamazonas.com/portals/0/Images/2-PRORROGA2efc.jpg]
[www.bancoamazonas.com/Portals/0/SB-IG-2020-0009-C   ANEXOS.pdf]
[www.bancoamazonas.com/portals/0/Images/3-COMUNIDADO-A-CLIENTES036c.jpg]
[www.bancoamazonas.com/portals/0/Images/1--COMUNICADO7878.jpg]
[www.bancoamazonas.com/portals/0/Images/Captura de pantalla 2017-09-19 a la(s) 17.38.06.png]
[www.bancoamazonas.com/Canales-Electrónicos/Comunicaciones.html]
[www.bancoamazonas.com/Canales-Electrónicos/Canales-Electrónicos.html]
[www.bancoamazonas.com/portals/0/Images/4-COMUNICADO-BANCO-AMAZONAS2f9d.jpg]
[www.bancoamazonas.com/portals/0/Images/5-TARJETA-DE-CREDITO3fad.jpg]
[www.bancoamazonas.com/Register82c1.html]
[www.bancoamazonas.com/Canales-Electrónicos/Banca-Telefónica.html]
[www.bancoamazonas.com/Login6fed.html]
[www.bancoamazonas.com/portals/0/Images/Bancatelefonica31ab2.png]
[www.bancoamazonas.com/Login925f.html]
[www.bancoamazonas.com/Registerca05.html]
[www.bancoamazonas.com/Canales-Electrónicos/Servipagos.html]
[www.bancoamazonas.com/Portals/0/Servipagos horario Noviembre.pdf]
[www.bancoamazonas.com/portals/0/Images/Modified/logo Servipagos-resize756x253d0b8.jpg]
[www.bancoamazonas.com/Registerdf48.html]
[www.bancoamazonas.com/Login5014.html]
[www.bancoamazonas.com/Portals/0/Formulario gratuito de consultas quejas y reclamos.pdf]
[www.bancoamazonas.com/Portals/0/Resol_No_SB-2020-0540_De la Proteccion y Defensa de los Derechos del Consumidor Financiero.pdf]
[www.bancoamazonas.com/Canales-Electrónicos/Atención-al-Cliente/Formulario-en-línea-de-consultas-quejas-y-o-reclamos.html]
[www.bancoamazonas.com/Portals/0/INSTRUCTIVO DEL PROCEDIMIENTO PARA LA ATENCIÓN DE CONSULTAS QUEJAS Y RECLAMOS PRESENTADOS POR LOS CLIENTES.pdf]
[www.bancoamazonas.com/Portals/0/FORMULARIO RECLAMOS DEFENSOR DEL CLIENTE 2019_1.pdf]
[www.bancoamazonas.com/Canales-Electrónicos/Atención-al-Cliente.html]
[www.bancoamazonas.com/Canales-Electrónicos/Atención-al-Cliente/Formulario-en-línea-del-Defensor-del-Cliente.html]
[www.bancoamazonas.com/DesktopModules/DNNGo_DNNGalleryPro/Effects/Effect_01_SlideShow_H/Themes/Theme_01_Default/Style0d17.css]
[www.bancoamazonas.com/Resources/libraries/jQuery-Migrate/01_02_01/jquery-migrate0d17.js]
[www.bancoamazonas.com/DesktopModules/DNNGo_DNNGalleryPro/Effects/Effect_01_SlideShow_H/js/jssor0d17.js]
[www.bancoamazonas.com/DesktopModules/DNNGo_DNNGalleryPro/Effects/Effect_01_SlideShow_H/js/jssor.slider0d17.js]
[www.bancoamazonas.com/DesktopModules/DNNGo_DNNGalleryPro/Effects/Effect_01_SlideShow_H/js/jssor.transitions0d17.js]
[www.bancoamazonas.com/DesktopModules/DNNGo_DNNGalleryPro/Effects/Effect_01_SlideShow_H/js/jssor.player.ytiframe.min0d17.js]
[www.bancoamazonas.com/Register889e.html]
[www.bancoamazonas.com/Loginde0b.html]
[www.bancoamazonas.com/portals/0/Images/CanalesElectronicosdee4.png]
[www.bancoamazonas.com/Portals/0/DNNGalleryPro/uploads/2018/8/3/REGISTRO PERSONA NATURAL ACT.png]
[www.bancoamazonas.com/Portals/0/DNNGalleryPro/uploads/2018/1/24/Matriculacion cuentas y tarjetas.png]
[www.bancoamazonas.com/portals/0/banner_agencias.png]
[www.bancoamazonas.com/Portals/0/DNNGalleryPro/uploads/2018/1/24/Miniatura - Inscripcion y pago de servicios publicos.png]
[www.bancoamazonas.com/Portals/0/DNNGalleryPro/uploads/2018/1/19/BANCO AMAZONAS BANCA DIGITAL SUSCRIPCIÓN Y PAGO DE SERVICOS PUBLICOS Y PRIVADOS.mp4]
[www.bancoamazonas.com/Portals/0/DNNGalleryPro/uploads/2018/1/24/Miniatura - Pago de tarjetas de crédito.png]
[www.bancoamazonas.com/Portals/0/DNNGalleryPro/uploads/2018/1/19/PAGO TARJETAS DE CREDITO.mp4]
[www.bancoamazonas.com/Portals/0/DNNGalleryPro/uploads/2018/1/24/Miniatura - Transferencias.png]
[www.bancoamazonas.com/Portals/0/DNNGalleryPro/uploads/2018/1/30/REGISTRO PERSONAS NATURALES - 300118.mp4]
[www.bancoamazonas.com/Portals/0/DNNGalleryPro/uploads/2018/8/3/AVANCE EFECTIVO.png]
[www.bancoamazonas.com/Portals/0/DNNGalleryPro/uploads/2018/8/3/estado de cuenta VISA.mp4]
[www.bancoamazonas.com/Portals/0/DNNGalleryPro/uploads/2018/8/3/DESCARGA ESTADO DE CUENTA VISA.png]
[www.bancoamazonas.com/Portals/0/Preguntas Frecuentes Banca Electronica.pdf]
[www.bancoamazonas.com/Portals/0/DNNGalleryPro/uploads/2018/1/19/MATRICULACIÓN DE CUENTAS O TARJETAS.mp4]
[www.bancoamazonas.com/Canales-Electrónicos/Tutoriales.html]
[www.bancoamazonas.com/DesktopModules/DNNGo_PowerForms/Effects/Effect_01_Responsive/Themes/Theme_Responsive_20072_home3/images/calendar.png]
[www.bancoamazonas.com/DesktopModules/DNNGo_PowerForms/Effects/Effect_01_Responsive/Themes/Theme_Responsive_20072_home3/Style6390.css]
[www.bancoamazonas.com/DesktopModules/SimuladorCreditos/Styles/main.css]
[www.bancoamazonas.com/Register981b.html]
[www.bancoamazonas.com/Portals/0/GUIA REGISTRO SERVICIOS BCA ELECTRONICA Y MOVIL.pdf]
[www.bancoamazonas.com/Logine3a3.html]
[www.bancoamazonas.com/Portals/0/Política de privacidad para Página web.pdf]
[www.bancoamazonas.com/Portals/0/TÉRMINOS Y CONDICIONES FINAL.pdf]
[www.bancoamazonas.com/Portals/0/Tarifario Servicios Financieros TC Actualización 09Setp22.pdf]
[www.bancoamazonas.com/Portals/0/NotasResoluciones.pdf]
[www.bancoamazonas.com/Portals/0/Tarifario Servicios Financieros Actualizacion 06Ago2021 web.pdf]
[www.bancoamazonas.com/Portals/0/Procesos de Reclamos.pdf]
[www.bancoamazonas.com/Portals/0/Tasas Pasivas Banco Amazonas-Abril-2022.pdf]
[www.bancoamazonas.com/Portals/0/Tasas de Interes Activas, cargos asociados a creditos - junio 2019.pdf]
[www.bancoamazonas.com/Portals/0/Balance General.pdf]
[www.bancoamazonas.com/Portals/0/Indicadores Financieros.pdf]
[www.bancoamazonas.com/Portals/0/Estado de Perdidas y Ganancia.pdf]
[www.bancoamazonas.com/Portals/0/Calificacion de Inversion.pdf]
[www.bancoamazonas.com/Portals/0/Calificacion de Cartera.pdf]
[www.bancoamazonas.com/Portals/0/Patrimonio tecnico.pdf]
[www.bancoamazonas.com/Portals/0/Provisiones Genericas.pdf]
[www.bancoamazonas.com/Portals/0/DNNGalleryPro/uploads/2018/8/3/avance de efectivo VERSION WAAP.mp4]
[www.bancoamazonas.com/Portals/0/Certificado de Calificadora de Riesgo de OCAS.pdf]
[www.bancoamazonas.com/Portals/0/Informe de la Calificación de Riesgo de OCAS.pdf]
[www.bancoamazonas.com/Portals/0/DNNGalleryPro/uploads/2018/1/19/TRANSFERENCIAS.mp4]
[www.bancoamazonas.com/Transparencia-de-Información.html]
[www.bancoamazonas.com/Portals/0/Resolución No. SCVS-INMV-DNAR-2023-00039378 Prórroga I EOLPCAs BANCO AMAZONAS S.A..pdf]
[www.bancoamazonas.com/Portals/0/Resolucion_No. SCVS-INMV-DNAR-2022-00005373 BCO AMAZONAS I EOLP_ Aprobación Ocas.pdf]
[www.bancoamazonas.com/Register80af.html]
[www.bancoamazonas.com/Login1e81.html]
[www.bancoamazonas.com/Portals/0/Codigo Gobierno Corporativo JUNIO 2019.pdf]
[www.bancoamazonas.com/Portals/0/Codigo de Etica y Reglamento BASA FEB 2019_1.pdf]
[www.bancoamazonas.com/Portals/0/Información al accionista 2022 UNIFICADO_compressed1a5f.pdf]
[www.bancoamazonas.com/Portals/0/REGLAMENTO DEL DIRECTORIO BANCO AMAZONAS FEBRERO2019.pdf]
[www.bancoamazonas.com/Portals/0/Anexo A Información del Accionistae68f.pdf]
[www.bancoamazonas.com/Portals/0/20220331093926694fd23.pdf]
[www.bancoamazonas.com/Portals/0/Anexo B información del Directorio48d9.pdf]
[www.bancoamazonas.com/Portals/0/Anexo D Información de Equipo Gerenciald448.pdf]
[www.bancoamazonas.com/Portals/0/Anexo C Información sobre el Directorio3ff3.pdf]
[www.bancoamazonas.com/Portals/0/Anexo E Información laboral991b.pdf]
[www.bancoamazonas.com/Portals/0/Anexo A indicadores Gobierno Corporativo 2022  JBA (2)f0ab.pdf]
[www.bancoamazonas.com/Portals/0/Anexo B Indicadores de Gobierno Corporativo 2022 JBAf0ab.pdf]
[www.bancoamazonas.com/Portals/0/Anexo C Indicadores de Gobierno Corporativo 2022 JBAf0ab.pdf]
[www.bancoamazonas.com/Portals/0/Anexo D Indicadores de Gobierno Corporativo 2022 JBAf0ab.pdf]
[www.bancoamazonas.com/Gobierno-Corporativo.html]
[www.bancoamazonas.com/Portals/0/Anexo E Indicadores de Gobierno Corporativo 2022 JBA5e03.pdf]
[www.bancoamazonas.com/Register39e5.html]
[www.bancoamazonas.com/Trabaje-con-Nosotros.html]
[www.bancoamazonas.com/Login27c2.html]
[www.bancoamazonas.com/Portals/0/Informacion al accionista 2020.pdf]
[www.bancoamazonas.com/portals/0/Images/Banner Web Talento Humano-01-01-01-01b5da.jpg]
[www.bancoamazonas.com/Register844b.html]
[www.bancoamazonas.com/Venta-de-Bienes.html]
[www.bancoamazonas.com/Login8abd.html]
[www.bancoamazonas.com/Portals/0/Informe de gestion 2019 a la junta general general accionistas.pdf]
[www.bancoamazonas.com/Registered29.html]
[www.bancoamazonas.com/Login7f46.html]
[www.bancoamazonas.com/Portals/0/recomendaciones-bcaelect.pdf]
[www.bancoamazonas.com/Portals/0/recomendaciones-bcamovil.pdf]
[www.bancoamazonas.com/Portals/0/Instructivo-BloqueoServicios-Sept2017.pdf]
[www.bancoamazonas.com/Portals/0/Instructivo-UsoToken-Cash.pdf]
[www.bancoamazonas.com/Instructivos.html]
[www.bancoamazonas.com/Portals/0/Bloqueos de Cuentas.png]
[www.bancoamazonas.com/Registera8e6.html]
[www.bancoamazonas.com/Privacy.html]
[www.bancoamazonas.com/Login309d.html]
[www.bancoamazonas.com/Portals/0/Instructivo-FacturacionElectronica-vfinal.pdf]
[www.bancoamazonas.com/Terms.html]
[www.bancoamazonas.com/c.html]
[www.bancoamazonas.com/b.html]
[www.bancoamazonas.com/POST.html]
[www.bancoamazonas.com/schema.org/index.html]
[www.bancoamazonas.com/Resources/images/arrow-right-white.html]
[www.bancoamazonas.com/Loginc679.html]
[www.bancoamazonas.com/Portals/_default/skins/20072-unlimitedcolorspack-054/fonts/fontawesome-webfont93e3.eot]
[www.bancoamazonas.com/Portals/_default/skins/20072-unlimitedcolorspack-054/fonts/fontawesome-webfontd41d.eot]
[www.bancoamazonas.com/Portals/_default/skins/20072-unlimitedcolorspack-054/fonts/fontawesome-webfont93e3.woff2]
[www.bancoamazonas.com/Portals/_default/skins/20072-unlimitedcolorspack-054/fonts/fontawesome-webfont93e3.woff]
[www.bancoamazonas.com/Portals/_default/skins/20072-unlimitedcolorspack-054/fonts/fontawesome-webfont93e3.ttf]
[www.bancoamazonas.com/Portals/_default/skins/20072-unlimitedcolorspack-054/fonts/fontawesome-webfont93e3.svg]
[www.bancoamazonas.com/Portals/_default/skins/20072-unlimitedcolorspack-054/images/xplugin.png]
[www.bancoamazonas.com/Portals/_default/skins/20072-unlimitedcolorspack-054/css/bootstrap.css]
[www.bancoamazonas.com/Portals/_default/skins/20072-unlimitedcolorspack-054/images/icon_01.png]
[www.bancoamazonas.com/Portals/_default/skins/20072-unlimitedcolorspack-054/images/Loading.gif]
[www.bancoamazonas.com/Portals/_default/skins/20072-unlimitedcolorspack-054/css/shortcodes.css]
[www.bancoamazonas.com/Portals/_default/skins/20072-unlimitedcolorspack-054/SkinCustom.css]
[www.bancoamazonas.com/Portals/_default/skins/20072-unlimitedcolorspack-054/images/but_bg.html]
[www.bancoamazonas.com/Firefox/index.html]
[www.bancoamazonas.com/AppleWebKit/index.html]
[www.bancoamazonas.com/Opera/index.html]
[www.bancoamazonas.com/MicrosoftAjaxWebForms.html]
[www.bancoamazonas.com/MicrosoftAjaxSerialization.html]
[www.bancoamazonas.com/MicrosoftAjaxNetwork.html]
[www.bancoamazonas.com/Portals/_default/Containers/Cavalier/Images/header-bg.png]
[www.bancoamazonas.com/Portals/_default/Containers/Cavalier/container0d17.css]
[www.bancoamazonas.com/Registerc239.html]
[www.bancoamazonas.com/Loginfbfe.html]
[www.bancoamazonas.com/DesktopModules/DNNGo_PowerForms/Effects/Effect_01_Responsive/Themes/Theme_Responsive_20072_home3/Style0d17.css]
[www.bancoamazonas.com/DesktopModules/DNNGo_PowerForms/Resource/plugins/jquery-datepick/jquery.datepick0d17.css]
[www.bancoamazonas.com/DesktopModules/DNNGo_PowerForms/Resource/plugins/tinymce/tinymce.min1331.js]
[www.bancoamazonas.com/DesktopModules/DNNGo_PowerForms/Resource/plugins/validation/jquery.validationEngine-es0d17.js]
[www.bancoamazonas.com/DesktopModules/DNNGo_PowerForms/Resource/js/jquery.validationEngine0d17.js]
[www.bancoamazonas.com/DesktopModules/DNNGo_PowerForms/Resource/js/sisyphus.min0d17.js]
[www.bancoamazonas.com/DesktopModules/DNNGo_PowerForms/Resource/plugins/jquery-datepick/jquery.plugin.min0d17.js]
[www.bancoamazonas.com/DesktopModules/DNNGo_PowerForms/Resource/plugins/jquery-datepick/jquery.datepick.min0d17.js]
[www.bancoamazonas.com/DesktopModules/DNNGo_PowerForms/Resource/plugins/jquery-datepick/jquery.datepick-es0d17.js]
[www.bancoamazonas.com/DesktopModules/DNNGo_PowerForms/Resource/js/jquery.inputDefault0d17.js]
[www.bancoamazonas.com/Registeraee5.html]
[www.bancoamazonas.com/Logine68c.html]
[www.bancoamazonas.com/DesktopModules/DNNGo_PowerForms/Resource/images/no.png]
[www.bancoamazonas.com/portals/0/_a href=]
[www.bancoamazonas.com/formulario.html]
[www.bancoamazonas.com/Registerbf35.html]
[www.bancoamazonas.com/Loginb814.html]
[www.bancoamazonas.com/Register0697.html]
[www.bancoamazonas.com/Login151c.html]
[www.bancoamazonas.com/Portals/_default/containers/20072-unlimitedcolorspack-054/container0d17-2.css]
[www.bancoamazonas.com/Register79f4.html]
[www.bancoamazonas.com/Loginee7d.html]
[www.bancoamazonas.com/Formulario-2.html]
[www.bancoamazonas.com/Register0f89.html]
[www.bancoamazonas.com/Login54ca.html]
[www.bancoamazonas.com/Register7144.html]
[www.bancoamazonas.com/Logina458.html]
[www.bancoamazonas.com/Portals/_default/skins/20072-unlimitedcolorspack-054/homepage40d17.css]
[www.bancoamazonas.com/Register72f0.html]
[www.bancoamazonas.com/Login999d.html]
[www.bancoamazonas.com/Register7479.html]
[www.bancoamazonas.com/Loginc44f.html]
[www.bancoamazonas.com/Registerba2f.html]
[www.bancoamazonas.com/Logina31a.html]
[www.bancoamazonas.com/Registere704.html]
[www.bancoamazonas.com/Loginf54f.html]
[www.bancoamazonas.com/Register8640.html]
[www.bancoamazonas.com/Login322e.html]
[www.bancoamazonas.com/Registerd86a.html]
[www.bancoamazonas.com/Logine4bb.html]
[www.bancoamazonas.com/Register788b.html]
[www.bancoamazonas.com/Logind647.html]
[www.bancoamazonas.com/Logina5ec.html]
[www.bancoamazonas.com/portals/0/Images/bannerweb63756945044257355026db.png]
[www.bancoamazonas.com/Registercb09.html]
[www.bancoamazonas.com/Inscripción-Plan-Vive-Amazonas.html]
[www.bancoamazonas.com/Register3368.html]
[www.bancoamazonas.com/Loginfede.html]
[www.bancoamazonas.com/Register2eca.html]
[www.bancoamazonas.com/Login2183.html]
[www.bancoamazonas.com/Register3745.html]
[www.bancoamazonas.com/Login2641.html]
[www.bancoamazonas.com/Registerfc97.html]
[www.bancoamazonas.com/Login5e0f.html]
[www.bancoamazonas.com/Register7f28.html]
[www.bancoamazonas.com/Login5c38.html]
[www.bancoamazonas.com/Registerfb33.html]
[www.bancoamazonas.com/Loginde75.html]
[www.bancoamazonas.com/Register9a90.html]
[www.bancoamazonas.com/Login1af8.html]
[www.bancoamazonas.com/Register2f26.html]
[www.bancoamazonas.com/Logine353.html]
[www.bancoamazonas.com/Register56e9.html]
[www.bancoamazonas.com/Login5b67.html]
[www.bancoamazonas.com/Register4933.html]
[www.bancoamazonas.com/Login88f1.html]
[www.bancoamazonas.com/Register947a.html]
[www.bancoamazonas.com/Login8c4b.html]
[www.bancoamazonas.com/Register0c70.html]
[www.bancoamazonas.com/Login8836.html]
[www.bancoamazonas.com/Registerb58e.html]
[www.bancoamazonas.com/Login066e.html]
[www.bancoamazonas.com/Register8005.html]
[www.bancoamazonas.com/Loginf113.html]
[www.bancoamazonas.com/Register2859.html]
[www.bancoamazonas.com/Login7e67.html]
[www.bancoamazonas.com/DesktopModules/SimuladorCuentasAhorro/module0d17.css]
[www.bancoamazonas.com/Register6af9.html]
[www.bancoamazonas.com/Login7cbb.html]
[www.bancoamazonas.com/DesktopModules/SimuladorCuentasAhorro/Styles/main.css]
[www.bancoamazonas.com/DesktopModules/SimuladorPazoFijo/module0d17.css]
[www.bancoamazonas.com/Registera37b.html]
[www.bancoamazonas.com/Login1dd0.html]
[www.bancoamazonas.com/DesktopModules/SimuladorPazoFijo/Styles/main.css]
[www.bancoamazonas.com/DesktopModules/DNNGo_PowerForms/Resource/plugins/datepicker/css/datepicker9540.css]
[www.bancoamazonas.com/Register0c72.html]
[www.bancoamazonas.com/Login607e.html]
[www.bancoamazonas.com/Register82c1.html]
[www.bancoamazonas.com/Login6fed.html]
[www.bancoamazonas.com/Registerca05.html]
[www.bancoamazonas.com/Login925f.html]
[www.bancoamazonas.com/Registerdf48.html]
[www.bancoamazonas.com/Login5014.html]
[www.bancoamazonas.com/Canales-Electrónicos/Atención-al-Cliente/Formulario-en-línea-de-consultas-quejas-y-o-reclamos.html]
[www.bancoamazonas.com/Loginab0f.html]
[www.bancoamazonas.com/DesktopModules/LiveForms/Resources/Style/Setting0d17.css]
[www.bancoamazonas.com/DesktopModules/LiveForms/Themes/Default/Theme0d17.css]
[www.bancoamazonas.com/DesktopModules/Mandeeps/Libraries/Common/Frameworks/jQuery/Plugins/SweetAlert/1.1.3/css/sweetalert0d17.css]
[www.bancoamazonas.com/DesktopModules/Mandeeps/Libraries/Common/Frameworks/WebAPI/1.0.0/webAPI.min0d17.js]
[www.bancoamazonas.com/DesktopModules/Mandeeps/Libraries/Common/Frameworks/jQuery/Plugins/SweetAlert/1.1.3/js/sweetalert.min0d17.js]
[www.bancoamazonas.com/DesktopModules/LiveForms/Resources/Scripts/cookie.min.js]
[www.bancoamazonas.com/DesktopModules/LiveForms/Resources/Scripts/plupload.min.js]
[www.bancoamazonas.com/DesktopModules/LiveForms/Resources/Scripts/Tooltip.min0d17.js]
[www.bancoamazonas.com/DesktopModules/LiveForms/Resources/Scripts/LiveFormMobile.min0d17.js]
[www.bancoamazonas.com/DesktopModules/LiveForms/Resources/Scripts/intlTelInput-jquery.min0d17.js]
[www.bancoamazonas.com/DesktopModules/LiveForms/Resources/Scripts/utils0d17.js]
[www.bancoamazonas.com/DesktopModules/LiveForms/Resources/Scripts/jquery.watermark.min0d17.js]
[www.bancoamazonas.com/DesktopModules/LiveForms/Resources/Scripts/jquery.maskMoney.min0d17.js]
[www.bancoamazonas.com/DesktopModules/LiveForms/Resources/Scripts/strength.min0d17.js]
[www.bancoamazonas.com/Register1d37.html]
[www.bancoamazonas.com/Login261e.html]
[www.bancoamazonas.com/DesktopModules/LiveForms/Resources/img/loading.gif]
[www.bancoamazonas.com/DesktopModules/LiveForms/Resources/Plupload/buttons.png]
[www.bancoamazonas.com/DesktopModules/LiveForms/Resources/Plupload/buttons-disabled.png]
[www.bancoamazonas.com/DesktopModules/LiveForms/Resources/Plupload/backgrounds.gif]
[www.bancoamazonas.com/DesktopModules/LiveForms/Resources/Plupload/delete.gif]
[www.bancoamazonas.com/DesktopModules/LiveForms/Resources/Plupload/error.gif]
[www.bancoamazonas.com/DesktopModules/LiveForms/Resources/Plupload/done.gif]
[www.bancoamazonas.com/WebResource4578.axd]
[www.bancoamazonas.com/WebResourceae5c.axd]
[www.bancoamazonas.com/WebResourcea95e.axd]
[www.bancoamazonas.com/WebResource4ac9.axd]
[www.bancoamazonas.com/Canales-Electrónicos/Atención-al-Cliente/Formulario-en-línea-del-Defensor-del-Cliente.html]
[www.bancoamazonas.com/DesktopModules/DNNGo_DNNGalleryPro/Effects/Effect_01_SlideShow_H/Themes/Theme_01_Default/images/a01.png]
[www.bancoamazonas.com/DesktopModules/DNNGo_DNNGalleryPro/Effects/Effect_01_SlideShow_H/Themes/Theme_01_Default/images/a02.png]
[www.bancoamazonas.com/DesktopModules/DNNGo_DNNGalleryPro/Effects/Effect_01_SlideShow_H/Themes/Theme_01_Default/images/a03.png]
[www.bancoamazonas.com/DesktopModules/DNNGo_DNNGalleryPro/Effects/Effect_01_SlideShow_H/Themes/Theme_01_Default/images/a04.png]
[www.bancoamazonas.com/DesktopModules/DNNGo_DNNGalleryPro/Effects/Effect_01_SlideShow_H/Themes/Theme_01_Default/images/a17.png]
[www.bancoamazonas.com/DesktopModules/DNNGo_DNNGalleryPro/Effects/Effect_01_SlideShow_H/Themes/Theme_01_Default/images/a06.png]
[www.bancoamazonas.com/DesktopModules/DNNGo_DNNGalleryPro/Effects/Effect_01_SlideShow_H/Themes/Theme_01_Default/images/a07.png]
[www.bancoamazonas.com/DesktopModules/DNNGo_DNNGalleryPro/Effects/Effect_01_SlideShow_H/Themes/Theme_01_Default/images/a08.png]
[www.bancoamazonas.com/DesktopModules/DNNGo_DNNGalleryPro/Effects/Effect_01_SlideShow_H/Themes/Theme_01_Default/images/a09.png]
[www.bancoamazonas.com/DesktopModules/DNNGo_DNNGalleryPro/Effects/Effect_01_SlideShow_H/Themes/Theme_01_Default/images/a10.png]
[www.bancoamazonas.com/DesktopModules/DNNGo_DNNGalleryPro/Effects/Effect_01_SlideShow_H/Themes/Theme_01_Default/images/a11.png]
[www.bancoamazonas.com/DesktopModules/DNNGo_DNNGalleryPro/Effects/Effect_01_SlideShow_H/Themes/Theme_01_Default/images/a12.png]
[www.bancoamazonas.com/DesktopModules/DNNGo_DNNGalleryPro/Effects/Effect_01_SlideShow_H/Themes/Theme_01_Default/images/a13.png]
[www.bancoamazonas.com/DesktopModules/DNNGo_DNNGalleryPro/Effects/Effect_01_SlideShow_H/Themes/Theme_01_Default/images/a14.png]
[www.bancoamazonas.com/DesktopModules/DNNGo_DNNGalleryPro/Effects/Effect_01_SlideShow_H/Themes/Theme_01_Default/images/a15.png]
[www.bancoamazonas.com/DesktopModules/DNNGo_DNNGalleryPro/Effects/Effect_01_SlideShow_H/Themes/Theme_01_Default/images/a16.png]
[www.bancoamazonas.com/DesktopModules/DNNGo_DNNGalleryPro/Effects/Effect_01_SlideShow_H/Themes/Theme_01_Default/images/a18.png]
[www.bancoamazonas.com/DesktopModules/DNNGo_DNNGalleryPro/Effects/Effect_01_SlideShow_H/Themes/Theme_01_Default/images/a19.png]
[www.bancoamazonas.com/DesktopModules/DNNGo_DNNGalleryPro/Effects/Effect_01_SlideShow_H/Themes/Theme_01_Default/images/a20.png]
[www.bancoamazonas.com/DesktopModules/DNNGo_DNNGalleryPro/Effects/Effect_01_SlideShow_H/Themes/Theme_01_Default/images/a21.png]
[www.bancoamazonas.com/DesktopModules/DNNGo_DNNGalleryPro/Effects/Effect_01_SlideShow_H/Themes/Theme_01_Default/images/a22.png]
[www.bancoamazonas.com/DesktopModules/DNNGo_DNNGalleryPro/Effects/Effect_01_SlideShow_H/Themes/Theme_01_Default/images/b02.png]
[www.bancoamazonas.com/DesktopModules/DNNGo_DNNGalleryPro/Effects/Effect_01_SlideShow_H/Themes/Theme_01_Default/images/b03.png]
[www.bancoamazonas.com/DesktopModules/DNNGo_DNNGalleryPro/Effects/Effect_01_SlideShow_H/Themes/Theme_01_Default/images/b04.png]
[www.bancoamazonas.com/DesktopModules/DNNGo_DNNGalleryPro/Effects/Effect_01_SlideShow_H/Themes/Theme_01_Default/images/b05.png]
[www.bancoamazonas.com/DesktopModules/DNNGo_DNNGalleryPro/Effects/Effect_01_SlideShow_H/Themes/Theme_01_Default/images/b06.png]
[www.bancoamazonas.com/DesktopModules/DNNGo_DNNGalleryPro/Effects/Effect_01_SlideShow_H/Themes/Theme_01_Default/images/b07.png]
[www.bancoamazonas.com/DesktopModules/DNNGo_DNNGalleryPro/Effects/Effect_01_SlideShow_H/Themes/Theme_01_Default/images/b08.png]
[www.bancoamazonas.com/DesktopModules/DNNGo_DNNGalleryPro/Effects/Effect_01_SlideShow_H/Themes/Theme_01_Default/images/b10.png]
[www.bancoamazonas.com/DesktopModules/DNNGo_DNNGalleryPro/Effects/Effect_01_SlideShow_H/Themes/Theme_01_Default/images/b11.png]
[www.bancoamazonas.com/DesktopModules/DNNGo_DNNGalleryPro/Effects/Effect_01_SlideShow_H/Themes/Theme_01_Default/images/b12.png]
[www.bancoamazonas.com/DesktopModules/DNNGo_DNNGalleryPro/Effects/Effect_01_SlideShow_H/Themes/Theme_01_Default/images/b13.png]
[www.bancoamazonas.com/DesktopModules/DNNGo_DNNGalleryPro/Effects/Effect_01_SlideShow_H/Themes/Theme_01_Default/images/b14.png]
[www.bancoamazonas.com/DesktopModules/DNNGo_DNNGalleryPro/Effects/Effect_01_SlideShow_H/Themes/Theme_01_Default/images/b15.png]
[www.bancoamazonas.com/DesktopModules/DNNGo_DNNGalleryPro/Effects/Effect_01_SlideShow_H/Themes/Theme_01_Default/images/b16.png]
[www.bancoamazonas.com/DesktopModules/DNNGo_DNNGalleryPro/Effects/Effect_01_SlideShow_H/Themes/Theme_01_Default/images/b17.png]
[www.bancoamazonas.com/DesktopModules/DNNGo_DNNGalleryPro/Effects/Effect_01_SlideShow_H/Themes/Theme_01_Default/images/t01.png]
[www.bancoamazonas.com/DesktopModules/DNNGo_DNNGalleryPro/Effects/Effect_01_SlideShow_H/Themes/Theme_01_Default/images/loading.gif]
[www.bancoamazonas.com/DesktopModules/DNNGo_DNNGalleryPro/Effects/Effect_01_SlideShow_H/Themes/Theme_01_Default/images/grab.png]
[www.bancoamazonas.com/DesktopModules/DNNGo_DNNGalleryPro/Effects/Effect_01_SlideShow_H/Themes/Theme_01_Default/images/close.png]
[www.bancoamazonas.com/DesktopModules/DNNGo_DNNGalleryPro/Effects/Effect_01_SlideShow_H/Themes/Theme_01_Default/images/play.png]
[www.bancoamazonas.com/DesktopModules/DNNGo_DNNGalleryPro/Effects/Effect_01_SlideShow_H/Themes/Theme_01_Default/Style0d17.css]
[www.bancoamazonas.com/Register889e.html]
[www.bancoamazonas.com/Loginde0b.html]
[www.bancoamazonas.com/Register981b.html]
[www.bancoamazonas.com/Logine3a3.html]
[www.bancoamazonas.com/Register80af.html]
[www.bancoamazonas.com/Login1e81.html]
[www.bancoamazonas.com/Register39e5.html]
[www.bancoamazonas.com/Login27c2.html]
[www.bancoamazonas.com/Register844b.html]
[www.bancoamazonas.com/Login8abd.html]
[www.bancoamazonas.com/Registered29.html]
[www.bancoamazonas.com/Login7f46.html]
[www.bancoamazonas.com/Registera8e6.html]
[www.bancoamazonas.com/Login309d.html]
[www.bancoamazonas.com/Loginc679.html]
[www.bancoamazonas.com/Portals/_default/skins/20072-unlimitedcolorspack-054/fonts/fontawesome-webfont93e3.html]
[www.bancoamazonas.com/Portals/_default/skins/20072-unlimitedcolorspack-054/fonts/fontawesome-webfont93e3.svg]
[www.bancoamazonas.com/Portals/_default/skins/20072-unlimitedcolorspack-054/images/Loading.html]
[www.bancoamazonas.com/DesktopModules/DNNGo_PowerForms/Effects/Effect_01_Responsive/Themes/Theme_Responsive_20072_home3/Style0d17.css]
[www.bancoamazonas.com/DesktopModules/DNNGo_PowerForms/Resource/plugins/jquery-datepick/jquery.datepick0d17.css]
[www.bancoamazonas.com/Registeraee5.html]
[www.bancoamazonas.com/Logine68c.html]
[www.bancoamazonas.com/portals/0/_a href=.html]
[www.bancoamazonas.com/Logina5ec.html]
[www.bancoamazonas.com/Registercb09.html]
[www.bancoamazonas.com/Loginab0f.html]
[www.bancoamazonas.com/DesktopModules/LiveForms/Resources/Style/images/flags.png]
[www.bancoamazonas.com/DesktopModules/LiveForms/Resources/Style/images/ui-bg_flat_75_ffffff_40x100.png]
[www.bancoamazonas.com/DesktopModules/LiveForms/Resources/Style/images/flags2x.png]
[www.bancoamazonas.com/DesktopModules/LiveForms/Resources/Style/images/ui-bg_highlight-soft_75_cccccc_1x100.png]
[www.bancoamazonas.com/DesktopModules/LiveForms/Resources/Style/images/ui-bg_glass_75_e6e6e6_1x400.png]
[www.bancoamazonas.com/DesktopModules/LiveForms/Resources/Style/images/ui-bg_glass_75_dadada_1x400.png]
[www.bancoamazonas.com/DesktopModules/LiveForms/Resources/Style/images/ui-bg_glass_65_ffffff_1x400.png]
[www.bancoamazonas.com/DesktopModules/LiveForms/Resources/Style/images/ui-bg_glass_55_fbf9ee_1x400.png]
[www.bancoamazonas.com/DesktopModules/LiveForms/Resources/Style/images/ui-bg_glass_95_fef1ec_1x400.png]
[www.bancoamazonas.com/DesktopModules/LiveForms/Resources/Style/images/ui-icons_222222_256x240.png]
[www.bancoamazonas.com/DesktopModules/LiveForms/Resources/Style/images/ui-icons_454545_256x240.png]
[www.bancoamazonas.com/DesktopModules/LiveForms/Resources/Style/images/ui-icons_2e83ff_256x240.png]
[www.bancoamazonas.com/DesktopModules/LiveForms/Resources/Style/images/ui-icons_cd0a0a_256x240.png]
[www.bancoamazonas.com/DesktopModules/LiveForms/Resources/Style/images/ui-bg_flat_0_aaaaaa_40x100.png]
[www.bancoamazonas.com/DesktopModules/LiveForms/Resources/Images/calendar.png]
[www.bancoamazonas.com/DesktopModules/LiveForms/Resources/Style/fonts/glyphicons-halflings-regular.eot]
[www.bancoamazonas.com/DesktopModules/LiveForms/Resources/Style/fonts/glyphicons-halflings-regulard41d.eot]
[www.bancoamazonas.com/DesktopModules/LiveForms/Resources/Style/fonts/glyphicons-halflings-regular.woff]
[www.bancoamazonas.com/DesktopModules/LiveForms/Resources/Style/fonts/glyphicons-halflings-regular.ttf]
[www.bancoamazonas.com/DesktopModules/LiveForms/Resources/Style/Setting0d17.css]
[www.bancoamazonas.com/DesktopModules/LiveForms/Themes/Default/Theme0d17.css]
[www.bancoamazonas.com/DesktopModules/Mandeeps/Libraries/Common/Frameworks/jQuery/Plugins/SweetAlert/1.1.3/css/sweetalert0d17.css]
[www.bancoamazonas.com/Register1d37.html]
[www.bancoamazonas.com/Login261e.html]
[www.bancoamazonas.com/DesktopModules/LiveForms/Resources/Style/images/ui-bg_glass_95_fef1ec_1x400.html]
[www.bancoamazonas.com/DesktopModules/LiveForms/Resources/Style/images/ui-icons_2e83ff_256x240.html]
[www.bancoamazonas.com/DesktopModules/LiveForms/Resources/Style/images/ui-icons_cd0a0a_256x240.html]
[www.bancoamazonas.com/DesktopModules/LiveForms/Resources/Style/images/ui-bg_flat_0_aaaaaa_40x100.html]
[www.bancoamazonas.com/DesktopModules/LiveForms/Resources/Style/fonts/glyphicons-halflings-regular.svg]
[www.bancoamazonas.com/DesktopModules/LiveForms/Resources/Style/fonts/glyphicons-halflings-regular.svg]
[www.google.com/recaptcha/api734b.js]
[www.google.com/recaptcha/apid19d.js]
